[2026-07-22 13:22:50] production.INFO: Bulk Notification Sent {"token":"ExponentPushToken[ZStl5FHLQZLIJXu297YsX-]","status":200,"response":{"data":{"status":"ok","id":"019f8990-678a-731c-818c-efccbc6d0d5e"}}} 
[2026-07-22 13:22:50] production.INFO: Bulk Notification Sent {"token":"ExponentPushToken[uEMMHVDVVbpJMdPBgOLz4f]","status":200,"response":{"data":{"status":"ok","id":"019f8990-6998-73ad-af09-18ea433e7eb1"}}} 
[2026-07-22 13:22:51] production.INFO: Bulk Notification Sent {"token":"ExponentPushToken[IuWTXbIS_rwr0mpz4qmMOh]","status":200,"response":{"data":{"status":"ok","id":"019f8990-6aef-7379-92a7-3fbcfb0e23e5"}}} 
[2026-07-22 13:22:51] production.INFO: Bulk Notification Sent {"token":"ExponentPushToken[ki3go9EcPWfAlLOy1ApqJn]","status":200,"response":{"data":{"status":"ok","id":"019f8990-6caf-703b-a0fc-219ffba4fb03"}}} 
[2026-07-22 13:25:29] production.INFO: Bulk Notification Sent {"token":"ExponentPushToken[ZStl5FHLQZLIJXu297YsX-]","status":200,"response":{"data":{"status":"ok","id":"019f8992-d55d-76b3-b21b-91f39446c388"}}} 
[2026-07-22 13:27:05] production.INFO: Bulk Notification Sent {"token":{"App\\Models\\UserLocation":{"id":12,"user_id":null,"latitude":"-26.1981982","longitude":"28.0329109","location_recorded_at":"2026-07-21T19:50:09.000000Z","device_id":"unknown","device_name":"Future","platform":"unknown","app_version":"1.0.0","expo_push_token":"ExponentPushToken[ZStl5FHLQZLIJXu297YsX-]","last_active_at":"2026-07-21T21:50:22.000000Z","created_at":"2026-07-21T21:50:23.000000Z","updated_at":"2026-07-21T21:50:23.000000Z","address":null}},"status":400,"response":{"errors":[{"code":"VALIDATION_ERROR","type":"USER","message":"Must correct one of the following issues: [\"to\": Expected string, received object, \"$\": Expected array, received object].","isTransient":false,"requestId":"33d34b17-0233-4eac-9507-e7f5544965c2"}]}} 
[2026-07-22 13:27:06] production.INFO: Bulk Notification Sent {"token":{"App\\Models\\UserLocation":{"id":6,"user_id":null,"latitude":"-26.2089804","longitude":"28.0412524","location_recorded_at":"2026-07-11T17:32:40.000000Z","device_id":"unknown","device_name":"CPH2273","platform":"unknown","app_version":"1.0.0","expo_push_token":"ExponentPushToken[uEMMHVDVVbpJMdPBgOLz4f]","last_active_at":"2026-07-11T19:32:42.000000Z","created_at":"2026-07-11T19:32:42.000000Z","updated_at":"2026-07-11T19:32:42.000000Z","address":null}},"status":400,"response":{"errors":[{"code":"VALIDATION_ERROR","type":"USER","message":"Must correct one of the following issues: [\"to\": Expected string, received object, \"$\": Expected array, received object].","isTransient":false,"requestId":"de4cebc4-523f-4037-883f-9a463cd10310"}]}} 
[2026-07-22 13:27:06] production.INFO: Bulk Notification Sent {"token":{"App\\Models\\UserLocation":{"id":3,"user_id":null,"latitude":"-26.2045404","longitude":"28.0436521","location_recorded_at":"2026-07-03T15:54:52.000000Z","device_id":"unknown","device_name":"Infinix X669","platform":"unknown","app_version":"1.0.0","expo_push_token":"ExponentPushToken[IuWTXbIS_rwr0mpz4qmMOh]","last_active_at":"2026-07-03T17:54:57.000000Z","created_at":"2026-07-03T17:54:57.000000Z","updated_at":"2026-07-03T17:54:57.000000Z","address":null}},"status":400,"response":{"errors":[{"code":"VALIDATION_ERROR","type":"USER","message":"Must correct one of the following issues: [\"to\": Expected string, received object, \"$\": Expected array, received object].","isTransient":false,"requestId":"070eeadb-3e2b-4ba1-9113-616665053057"}]}} 
[2026-07-22 13:27:06] production.INFO: Bulk Notification Sent {"token":{"App\\Models\\UserLocation":{"id":1,"user_id":null,"latitude":"-26.1801802","longitude":"28.0486533","location_recorded_at":"2026-06-23T11:56:52.000000Z","device_id":"unknown","device_name":"NLA-LX2","platform":"unknown","app_version":"1.0.0","expo_push_token":"ExponentPushToken[ki3go9EcPWfAlLOy1ApqJn]","last_active_at":"2026-06-23T13:56:57.000000Z","created_at":"2026-06-23T13:56:57.000000Z","updated_at":"2026-06-23T13:56:57.000000Z","address":null}},"status":400,"response":{"errors":[{"code":"VALIDATION_ERROR","type":"USER","message":"Must correct one of the following issues: [\"to\": Expected string, received object, \"$\": Expected array, received object].","isTransient":false,"requestId":"57def64e-52a4-49e1-969e-241be66cbbf6"}]}} 
[2026-07-22 13:28:28] production.ERROR: syntax error, unexpected token "->" {"exception":"[object] (ParseError(code: 0): syntax error, unexpected token \"->\" at /var/www/package/app/Http/Controllers/NotificationController.php:39)
[stacktrace]
#0 /var/www/package/vendor/composer/ClassLoader.php(427): Composer\\Autoload\\{closure}()
#1 [internal function]: Composer\\Autoload\\ClassLoader->loadClass()
#2 /var/www/package/vendor/laravel/framework/src/Illuminate/Routing/Route.php(1096): is_a()
#3 /var/www/package/vendor/laravel/framework/src/Illuminate/Routing/Route.php(1035): Illuminate\\Routing\\Route->controllerMiddleware()
#4 /var/www/package/vendor/laravel/framework/src/Illuminate/Routing/Router.php(818): Illuminate\\Routing\\Route->gatherMiddleware()
#5 /var/www/package/vendor/laravel/framework/src/Illuminate/Routing/Router.php(800): Illuminate\\Routing\\Router->gatherRouteMiddleware()
#6 /var/www/package/vendor/laravel/framework/src/Illuminate/Routing/Router.php(784): Illuminate\\Routing\\Router->runRouteWithinStack()
#7 /var/www/package/vendor/laravel/framework/src/Illuminate/Routing/Router.php(748): Illuminate\\Routing\\Router->runRoute()
#8 /var/www/package/vendor/laravel/framework/src/Illuminate/Routing/Router.php(737): Illuminate\\Routing\\Router->dispatchToRoute()
#9 /var/www/package/vendor/laravel/framework/src/Illuminate/Foundation/Http/Kernel.php(200): Illuminate\\Routing\\Router->dispatch()
#10 /var/www/package/vendor/laravel/framework/src/Illuminate/Pipeline/Pipeline.php(144): Illuminate\\Foundation\\Http\\Kernel->Illuminate\\Foundation\\Http\\{closure}()
#11 /var/www/package/vendor/laravel/framework/src/Illuminate/Foundation/Http/Middleware/TransformsRequest.php(21): Illuminate\\Pipeline\\Pipeline->Illuminate\\Pipeline\\{closure}()
#12 /var/www/package/vendor/laravel/framework/src/Illuminate/Foundation/Http/Middleware/ConvertEmptyStringsToNull.php(31): Illuminate\\Foundation\\Http\\Middleware\\TransformsRequest->handle()
#13 /var/www/package/vendor/laravel/framework/src/Illuminate/Pipeline/Pipeline.php(183): Illuminate\\Foundation\\Http\\Middleware\\ConvertEmptyStringsToNull->handle()
#14 /var/www/package/vendor/laravel/framework/src/Illuminate/Foundation/Http/Middleware/TransformsRequest.php(21): Illuminate\\Pipeline\\Pipeline->Illuminate\\Pipeline\\{closure}()
#15 /var/www/package/vendor/laravel/framework/src/Illuminate/Foundation/Http/Middleware/TrimStrings.php(40): Illuminate\\Foundation\\Http\\Middleware\\TransformsRequest->handle()
#16 /var/www/package/vendor/laravel/framework/src/Illuminate/Pipeline/Pipeline.php(183): Illuminate\\Foundation\\Http\\Middleware\\TrimStrings->handle()
#17 /var/www/package/vendor/laravel/framework/src/Illuminate/Foundation/Http/Middleware/ValidatePostSize.php(27): Illuminate\\Pipeline\\Pipeline->Illuminate\\Pipeline\\{closure}()
#18 /var/www/package/vendor/laravel/framework/src/Illuminate/Pipeline/Pipeline.php(183): Illuminate\\Foundation\\Http\\Middleware\\ValidatePostSize->handle()
#19 /var/www/package/vendor/laravel/framework/src/Illuminate/Foundation/Http/Middleware/PreventRequestsDuringMaintenance.php(99): Illuminate\\Pipeline\\Pipeline->Illuminate\\Pipeline\\{closure}()
#20 /var/www/package/vendor/laravel/framework/src/Illuminate/Pipeline/Pipeline.php(183): Illuminate\\Foundation\\Http\\Middleware\\PreventRequestsDuringMaintenance->handle()
#21 /var/www/package/vendor/laravel/framework/src/Illuminate/Http/Middleware/HandleCors.php(49): Illuminate\\Pipeline\\Pipeline->Illuminate\\Pipeline\\{closure}()
#22 /var/www/package/vendor/laravel/framework/src/Illuminate/Pipeline/Pipeline.php(183): Illuminate\\Http\\Middleware\\HandleCors->handle()
#23 /var/www/package/vendor/laravel/framework/src/Illuminate/Http/Middleware/TrustProxies.php(39): Illuminate\\Pipeline\\Pipeline->Illuminate\\Pipeline\\{closure}()
#24 /var/www/package/vendor/laravel/framework/src/Illuminate/Pipeline/Pipeline.php(183): Illuminate\\Http\\Middleware\\TrustProxies->handle()
#25 /var/www/package/vendor/laravel/framework/src/Illuminate/Pipeline/Pipeline.php(119): Illuminate\\Pipeline\\Pipeline->Illuminate\\Pipeline\\{closure}()
#26 /var/www/package/vendor/laravel/framework/src/Illuminate/Foundation/Http/Kernel.php(175): Illuminate\\Pipeline\\Pipeline->then()
#27 /var/www/package/vendor/laravel/framework/src/Illuminate/Foundation/Http/Kernel.php(144): Illuminate\\Foundation\\Http\\Kernel->sendRequestThroughRouter()
#28 /var/www/package/public/index.php(51): Illuminate\\Foundation\\Http\\Kernel->handle()
#29 /var/www/package/vendor/laravel/framework/src/Illuminate/Foundation/resources/server.php(16): require_once('...')
#30 {main}
"} 
[2026-07-22 13:28:50] production.INFO: Bulk Notification Sent {"token":"ExponentPushToken[ki3go9EcPWfAlLOy1ApqJn]","status":200,"response":{"data":{"status":"ok","id":"019f8995-e722-779a-a7f0-7198acc1205a"}}} 
[2026-07-22 13:30:35] production.ERROR: Call to undefined method Illuminate\Database\Eloquent\Builder::unique() {"userId":1,"exception":"[object] (BadMethodCallException(code: 0): Call to undefined method Illuminate\\Database\\Eloquent\\Builder::unique() at /var/www/package/vendor/laravel/framework/src/Illuminate/Support/Traits/ForwardsCalls.php:67)
[stacktrace]
#0 /var/www/package/vendor/laravel/framework/src/Illuminate/Support/Traits/ForwardsCalls.php(36): Illuminate\\Database\\Eloquent\\Builder::throwBadMethodCallException()
#1 /var/www/package/vendor/laravel/framework/src/Illuminate/Database/Eloquent/Builder.php(1985): Illuminate\\Database\\Eloquent\\Builder->forwardCallTo()
#2 /var/www/package/app/Http/Controllers/NotificationController.php(38): Illuminate\\Database\\Eloquent\\Builder->__call()
#3 /var/www/package/vendor/laravel/framework/src/Illuminate/Routing/Controller.php(54): App\\Http\\Controllers\\NotificationController->sendBulk()
#4 /var/www/package/vendor/laravel/framework/src/Illuminate/Routing/ControllerDispatcher.php(43): Illuminate\\Routing\\Controller->callAction()
#5 /var/www/package/vendor/laravel/framework/src/Illuminate/Routing/Route.php(259): Illuminate\\Routing\\ControllerDispatcher->dispatch()
#6 /var/www/package/vendor/laravel/framework/src/Illuminate/Routing/Route.php(205): Illuminate\\Routing\\Route->runController()
#7 /var/www/package/vendor/laravel/framework/src/Illuminate/Routing/Router.php(806): Illuminate\\Routing\\Route->run()
#8 /var/www/package/vendor/laravel/framework/src/Illuminate/Pipeline/Pipeline.php(144): Illuminate\\Routing\\Router->Illuminate\\Routing\\{closure}()
#9 /var/www/package/vendor/laravel/framework/src/Illuminate/Routing/Middleware/SubstituteBindings.php(50): Illuminate\\Pipeline\\Pipeline->Illuminate\\Pipeline\\{closure}()
#10 /var/www/package/vendor/laravel/framework/src/Illuminate/Pipeline/Pipeline.php(183): Illuminate\\Routing\\Middleware\\SubstituteBindings->handle()
#11 /var/www/package/vendor/laravel/framework/src/Illuminate/Foundation/Http/Middleware/VerifyCsrfToken.php(78): Illuminate\\Pipeline\\Pipeline->Illuminate\\Pipeline\\{closure}()
#12 /var/www/package/vendor/laravel/framework/src/Illuminate/Pipeline/Pipeline.php(183): Illuminate\\Foundation\\Http\\Middleware\\VerifyCsrfToken->handle()
#13 /var/www/package/vendor/laravel/framework/src/Illuminate/View/Middleware/ShareErrorsFromSession.php(49): Illuminate\\Pipeline\\Pipeline->Illuminate\\Pipeline\\{closure}()
#14 /var/www/package/vendor/laravel/framework/src/Illuminate/Pipeline/Pipeline.php(183): Illuminate\\View\\Middleware\\ShareErrorsFromSession->handle()
#15 /var/www/package/vendor/laravel/framework/src/Illuminate/Session/Middleware/StartSession.php(121): Illuminate\\Pipeline\\Pipeline->Illuminate\\Pipeline\\{closure}()
#16 /var/www/package/vendor/laravel/framework/src/Illuminate/Session/Middleware/StartSession.php(64): Illuminate\\Session\\Middleware\\StartSession->handleStatefulRequest()
#17 /var/www/package/vendor/laravel/framework/src/Illuminate/Pipeline/Pipeline.php(183): Illuminate\\Session\\Middleware\\StartSession->handle()
#18 /var/www/package/vendor/laravel/framework/src/Illuminate/Cookie/Middleware/AddQueuedCookiesToResponse.php(37): Illuminate\\Pipeline\\Pipeline->Illuminate\\Pipeline\\{closure}()
#19 /var/www/package/vendor/laravel/framework/src/Illuminate/Pipeline/Pipeline.php(183): Illuminate\\Cookie\\Middleware\\AddQueuedCookiesToResponse->handle()
#20 /var/www/package/vendor/laravel/framework/src/Illuminate/Cookie/Middleware/EncryptCookies.php(67): Illuminate\\Pipeline\\Pipeline->Illuminate\\Pipeline\\{closure}()
#21 /var/www/package/vendor/laravel/framework/src/Illuminate/Pipeline/Pipeline.php(183): Illuminate\\Cookie\\Middleware\\EncryptCookies->handle()
#22 /var/www/package/vendor/laravel/framework/src/Illuminate/Pipeline/Pipeline.php(119): Illuminate\\Pipeline\\Pipeline->Illuminate\\Pipeline\\{closure}()
#23 /var/www/package/vendor/laravel/framework/src/Illuminate/Routing/Router.php(805): Illuminate\\Pipeline\\Pipeline->then()
#24 /var/www/package/vendor/laravel/framework/src/Illuminate/Routing/Router.php(784): Illuminate\\Routing\\Router->runRouteWithinStack()
#25 /var/www/package/vendor/laravel/framework/src/Illuminate/Routing/Router.php(748): Illuminate\\Routing\\Router->runRoute()
#26 /var/www/package/vendor/laravel/framework/src/Illuminate/Routing/Router.php(737): Illuminate\\Routing\\Router->dispatchToRoute()
#27 /var/www/package/vendor/laravel/framework/src/Illuminate/Foundation/Http/Kernel.php(200): Illuminate\\Routing\\Router->dispatch()
#28 /var/www/package/vendor/laravel/framework/src/Illuminate/Pipeline/Pipeline.php(144): Illuminate\\Foundation\\Http\\Kernel->Illuminate\\Foundation\\Http\\{closure}()
#29 /var/www/package/vendor/laravel/framework/src/Illuminate/Foundation/Http/Middleware/TransformsRequest.php(21): Illuminate\\Pipeline\\Pipeline->Illuminate\\Pipeline\\{closure}()
#30 /var/www/package/vendor/laravel/framework/src/Illuminate/Foundation/Http/Middleware/ConvertEmptyStringsToNull.php(31): Illuminate\\Foundation\\Http\\Middleware\\TransformsRequest->handle()
#31 /var/www/package/vendor/laravel/framework/src/Illuminate/Pipeline/Pipeline.php(183): Illuminate\\Foundation\\Http\\Middleware\\ConvertEmptyStringsToNull->handle()
#32 /var/www/package/vendor/laravel/framework/src/Illuminate/Foundation/Http/Middleware/TransformsRequest.php(21): Illuminate\\Pipeline\\Pipeline->Illuminate\\Pipeline\\{closure}()
#33 /var/www/package/vendor/laravel/framework/src/Illuminate/Foundation/Http/Middleware/TrimStrings.php(40): Illuminate\\Foundation\\Http\\Middleware\\TransformsRequest->handle()
#34 /var/www/package/vendor/laravel/framework/src/Illuminate/Pipeline/Pipeline.php(183): Illuminate\\Foundation\\Http\\Middleware\\TrimStrings->handle()
#35 /var/www/package/vendor/laravel/framework/src/Illuminate/Foundation/Http/Middleware/ValidatePostSize.php(27): Illuminate\\Pipeline\\Pipeline->Illuminate\\Pipeline\\{closure}()
#36 /var/www/package/vendor/laravel/framework/src/Illuminate/Pipeline/Pipeline.php(183): Illuminate\\Foundation\\Http\\Middleware\\ValidatePostSize->handle()
#37 /var/www/package/vendor/laravel/framework/src/Illuminate/Foundation/Http/Middleware/PreventRequestsDuringMaintenance.php(99): Illuminate\\Pipeline\\Pipeline->Illuminate\\Pipeline\\{closure}()
#38 /var/www/package/vendor/laravel/framework/src/Illuminate/Pipeline/Pipeline.php(183): Illuminate\\Foundation\\Http\\Middleware\\PreventRequestsDuringMaintenance->handle()
#39 /var/www/package/vendor/laravel/framework/src/Illuminate/Http/Middleware/HandleCors.php(49): Illuminate\\Pipeline\\Pipeline->Illuminate\\Pipeline\\{closure}()
#40 /var/www/package/vendor/laravel/framework/src/Illuminate/Pipeline/Pipeline.php(183): Illuminate\\Http\\Middleware\\HandleCors->handle()
#41 /var/www/package/vendor/laravel/framework/src/Illuminate/Http/Middleware/TrustProxies.php(39): Illuminate\\Pipeline\\Pipeline->Illuminate\\Pipeline\\{closure}()
#42 /var/www/package/vendor/laravel/framework/src/Illuminate/Pipeline/Pipeline.php(183): Illuminate\\Http\\Middleware\\TrustProxies->handle()
#43 /var/www/package/vendor/laravel/framework/src/Illuminate/Pipeline/Pipeline.php(119): Illuminate\\Pipeline\\Pipeline->Illuminate\\Pipeline\\{closure}()
#44 /var/www/package/vendor/laravel/framework/src/Illuminate/Foundation/Http/Kernel.php(175): Illuminate\\Pipeline\\Pipeline->then()
#45 /var/www/package/vendor/laravel/framework/src/Illuminate/Foundation/Http/Kernel.php(144): Illuminate\\Foundation\\Http\\Kernel->sendRequestThroughRouter()
#46 /var/www/package/public/index.php(51): Illuminate\\Foundation\\Http\\Kernel->handle()
#47 /var/www/package/vendor/laravel/framework/src/Illuminate/Foundation/resources/server.php(16): require_once('...')
#48 {main}
"} 
[2026-07-22 13:31:04] production.INFO: Bulk Notification Sent {"token":{"App\\Models\\UserLocation":{"id":1,"user_id":null,"latitude":"-26.1801802","longitude":"28.0486533","location_recorded_at":"2026-06-23T11:56:52.000000Z","device_id":"unknown","device_name":"NLA-LX2","platform":"unknown","app_version":"1.0.0","expo_push_token":"ExponentPushToken[ki3go9EcPWfAlLOy1ApqJn]","last_active_at":"2026-06-23T13:56:57.000000Z","created_at":"2026-06-23T13:56:57.000000Z","updated_at":"2026-06-23T13:56:57.000000Z","address":null}},"status":400,"response":{"errors":[{"code":"VALIDATION_ERROR","type":"USER","message":"Must correct one of the following issues: [\"to\": Expected string, received object, \"$\": Expected array, received object].","isTransient":false,"requestId":"82fc1e86-0aaa-4a93-b914-56d228bb193a"}]}} 
[2026-07-22 13:31:04] production.INFO: Bulk Notification Sent {"token":{"App\\Models\\UserLocation":{"id":2,"user_id":null,"latitude":"-26.2090597","longitude":"28.0410754","location_recorded_at":"2026-06-28T11:53:53.000000Z","device_id":"unknown","device_name":"Infinix X669","platform":"unknown","app_version":"1.0.0","expo_push_token":"ExponentPushToken[IuWTXbIS_rwr0mpz4qmMOh]","last_active_at":"2026-06-28T13:53:54.000000Z","created_at":"2026-06-28T13:53:54.000000Z","updated_at":"2026-06-28T13:53:54.000000Z","address":null}},"status":400,"response":{"errors":[{"code":"VALIDATION_ERROR","type":"USER","message":"Must correct one of the following issues: [\"to\": Expected string, received object, \"$\": Expected array, received object].","isTransient":false,"requestId":"a6d54ea7-36b6-44c9-9f01-338f0ea5e3e6"}]}} 
[2026-07-22 13:31:05] production.INFO: Bulk Notification Sent {"token":{"App\\Models\\UserLocation":{"id":4,"user_id":null,"latitude":"-26.1981982","longitude":"28.0329109","location_recorded_at":"2026-07-11T11:01:38.000000Z","device_id":"unknown","device_name":"Future","platform":"unknown","app_version":"1.0.0","expo_push_token":"ExponentPushToken[ZStl5FHLQZLIJXu297YsX-]","last_active_at":"2026-07-11T13:01:40.000000Z","created_at":"2026-07-11T13:01:40.000000Z","updated_at":"2026-07-11T13:01:40.000000Z","address":null}},"status":400,"response":{"errors":[{"code":"VALIDATION_ERROR","type":"USER","message":"Must correct one of the following issues: [\"to\": Expected string, received object, \"$\": Expected array, received object].","isTransient":false,"requestId":"d420816e-7b6a-40e2-8c73-9a85c1109f00"}]}} 
[2026-07-22 13:31:05] production.INFO: Bulk Notification Sent {"token":{"App\\Models\\UserLocation":{"id":6,"user_id":null,"latitude":"-26.2089804","longitude":"28.0412524","location_recorded_at":"2026-07-11T17:32:40.000000Z","device_id":"unknown","device_name":"CPH2273","platform":"unknown","app_version":"1.0.0","expo_push_token":"ExponentPushToken[uEMMHVDVVbpJMdPBgOLz4f]","last_active_at":"2026-07-11T19:32:42.000000Z","created_at":"2026-07-11T19:32:42.000000Z","updated_at":"2026-07-11T19:32:42.000000Z","address":null}},"status":400,"response":{"errors":[{"code":"VALIDATION_ERROR","type":"USER","message":"Must correct one of the following issues: [\"to\": Expected string, received object, \"$\": Expected array, received object].","isTransient":false,"requestId":"d3c5a049-0742-4a88-8155-cccc467252b9"}]}} 
